---
source: lib/crates/fabro-llm/tests/it/wire/anthropic.rs
expression: rendered
---
{
  "id": "msg_test",
  "model": "claude-sonnet-4-20250514",
  "provider": "anthropic",
  "message": {
    "role": "assistant",
    "content": [
      {
        "kind": "text",
        "data": "Truncated answe"
      }
    ],
    "name": null,
    "tool_call_id": null
  },
  "finish_reason": "length",
  "usage": {
    "input_tokens": 10,
    "output_tokens": 128,
    "reasoning_tokens": 0,
    "cache_read_tokens": 0,
    "cache_write_tokens": 0
  },
  "raw": {
    "id": "msg_test",
    "type": "message",
    "role": "assistant",
    "model": "claude-sonnet-4-20250514",
    "content": [
      {
        "type": "text",
        "text": "Truncated answe"
      }
    ],
    "stop_reason": "max_tokens",
    "stop_sequence": null,
    "usage": {
      "input_tokens": 10,
      "output_tokens": 128
    }
  },
  "warnings": [],
  "rate_limit": null
}
