---
source: lib/crates/fabro-llm/tests/it/wire/openai_compatible.rs
expression: rendered
---
{
  "model": "test-model",
  "messages": [
    {
      "role": "user",
      "content": "Hello"
    }
  ],
  "max_tokens": 128,
  "tools": [
    {
      "type": "function",
      "function": {
        "name": "search",
        "description": "Search files",
        "parameters": {
          "type": "object",
          "properties": {
            "query": {
              "type": "string"
            }
          },
          "required": [
            "query"
          ]
        }
      }
    },
    {
      "type": "function",
      "function": {
        "name": "read_file",
        "description": "Read a file by path",
        "parameters": {
          "type": "object",
          "properties": {
            "path": {
              "type": "string"
            }
          }
        }
      }
    }
  ],
  "tool_choice": "required"
}
