---
source: lib/crates/fabro-llm/tests/it/wire/gemini.rs
expression: rendered
---
{
  "contents": [
    {
      "role": "user",
      "parts": [
        {
          "text": "What is the capital of France?"
        }
      ]
    },
    {
      "role": "model",
      "parts": [
        {
          "text": "Paris."
        }
      ]
    },
    {
      "role": "user",
      "parts": [
        {
          "text": "And of Spain?"
        }
      ]
    }
  ],
  "systemInstruction": {
    "parts": [
      {
        "text": "You are a terse assistant."
      }
    ]
  },
  "generationConfig": {
    "maxOutputTokens": 128
  },
  "safety_settings": [
    {
      "category": "HARM_CATEGORY_DANGEROUS_CONTENT",
      "threshold": "BLOCK_ONLY_HIGH"
    }
  ]
}
