---
source: lib/crates/fabro-llm/tests/it/wire/gemini.rs
expression: rendered
---
{
  "contents": [
    {
      "role": "user",
      "parts": [
        {
          "text": "Think step by step: what is 2+2?"
        }
      ]
    },
    {
      "role": "model",
      "parts": [
        {
          "text": "4."
        }
      ]
    },
    {
      "role": "user",
      "parts": [
        {
          "text": "Now 3+3?"
        }
      ]
    }
  ],
  "generationConfig": {
    "maxOutputTokens": 128
  },
  "safety_settings": [
    {
      "category": "HARM_CATEGORY_DANGEROUS_CONTENT",
      "threshold": "BLOCK_ONLY_HIGH"
    }
  ]
}
