---
source: lib/crates/fabro-llm/tests/it/wire/anthropic.rs
expression: rendered
---
{
  "method": "POST",
  "path": "/messages/count_tokens",
  "headers": [
    [
      "accept",
      "*/*"
    ],
    [
      "anthropic-version",
      "2023-06-01"
    ],
    [
      "content-length",
      "412"
    ],
    [
      "content-type",
      "application/json"
    ],
    [
      "host",
      "[host]"
    ],
    [
      "x-api-key",
      "test-key"
    ]
  ],
  "body": {
    "model": "claude-sonnet-4-20250514",
    "messages": [
      {
        "role": "user",
        "content": [
          {
            "type": "text",
            "text": "Hello"
          }
        ]
      }
    ],
    "system": "Be concise",
    "tools": [
      {
        "name": "search",
        "description": "Search files",
        "input_schema": {
          "type": "object",
          "properties": {
            "query": {
              "type": "string"
            }
          },
          "required": [
            "query"
          ]
        }
      },
      {
        "name": "read_file",
        "description": "Read a file by path",
        "input_schema": {
          "type": "object",
          "properties": {
            "path": {
              "type": "string"
            }
          }
        }
      }
    ]
  }
}
