---
source: lib/crates/fabro-llm/tests/it/wire/openai_responses.rs
expression: rendered
---
{
  "model": "test-gpt",
  "input": [
    {
      "type": "message",
      "role": "user",
      "content": [
        {
          "type": "input_text",
          "text": "Hello"
        }
      ]
    }
  ],
  "max_output_tokens": 128,
  "reasoning": {
    "effort": "high"
  },
  "store": false,
  "include": [
    "reasoning.encrypted_content"
  ]
}
