---
source: lib/crates/fabro-llm/tests/it/wire/gemini.rs
expression: rendered
---
{
  "contents": [
    {
      "role": "user",
      "parts": [
        {
          "text": "Hello"
        }
      ]
    }
  ],
  "generationConfig": {
    "maxOutputTokens": 128
  },
  "cached_content": "cachedContents/abc",
  "safety_settings": [
    {
      "category": "HARM_CATEGORY_DANGEROUS_CONTENT",
      "threshold": "BLOCK_ONLY_HIGH"
    }
  ]
}
