---
source: lib/crates/fabro-llm/tests/it/wire/anthropic.rs
expression: rendered
---
{
  "model": "claude-sonnet-4-20250514",
  "messages": [
    {
      "role": "user",
      "content": [
        {
          "type": "text",
          "text": "Hello"
        }
      ]
    }
  ],
  "max_tokens": 128,
  "stop_sequences": [],
  "tools": [
    {
      "name": "search",
      "description": "Search files",
      "input_schema": {
        "type": "object",
        "properties": {
          "query": {
            "type": "string"
          }
        },
        "required": [
          "query"
        ]
      }
    },
    {
      "name": "read_file",
      "description": "Read a file by path",
      "input_schema": {
        "type": "object",
        "properties": {
          "path": {
            "type": "string"
          }
        }
      }
    }
  ],
  "tool_choice": {
    "type": "auto"
  }
}
