---
source: lib/crates/fabro-llm/tests/it/wire/gemini.rs
expression: rendered
---
{
  "method": "POST",
  "path": "/models/gemini-test:streamGenerateContent?alt=sse",
  "headers": [
    [
      "accept",
      "*/*"
    ],
    [
      "content-length",
      "197"
    ],
    [
      "content-type",
      "application/json"
    ],
    [
      "host",
      "[host]"
    ],
    [
      "x-goog-api-key",
      "test-key"
    ]
  ],
  "body": {
    "contents": [
      {
        "role": "user",
        "parts": [
          {
            "text": "Hello"
          }
        ]
      }
    ],
    "generationConfig": {
      "maxOutputTokens": 128
    },
    "safety_settings": [
      {
        "category": "HARM_CATEGORY_DANGEROUS_CONTENT",
        "threshold": "BLOCK_ONLY_HIGH"
      }
    ]
  }
}
