---
source: lib/components/fabro-llm/tests/it/wire/anthropic.rs
expression: rendered
---
[
  {
    "type": "stream_start"
  },
  {
    "type": "text_start",
    "text_id": "block_0"
  },
  {
    "type": "text_delta",
    "delta": "Hi",
    "text_id": "block_0"
  },
  {
    "type": "text_end",
    "text_id": "block_0"
  },
  {
    "type": "finish",
    "finish_reason": "stop",
    "usage": {
      "input_tokens": 5,
      "output_tokens": 2,
      "reasoning_tokens": 0,
      "cache_read_tokens": 0,
      "cache_write_tokens": 0
    },
    "response": {
      "id": "msg_kimi",
      "model": "kimi-test",
      "provider": "moonshot",
      "message": {
        "role": "assistant",
        "content": [
          {
            "kind": "text",
            "data": "Hi"
          }
        ]
      },
      "finish_reason": "stop",
      "usage": {
        "input_tokens": 5,
        "output_tokens": 2,
        "reasoning_tokens": 0,
        "cache_read_tokens": 0,
        "cache_write_tokens": 0
      },
      "raw": null,
      "warnings": [],
      "rate_limit": null
    }
  }
]
